  Determinando os projetos a serem restaurados...
  Todos os projetos est├úo atualizados para restaura├º├úo.
  ControleFinanceiro.Contracts -> D:\Projetos\controle-financeiro\backend\src\ControleFinanceiro.Contracts\bin\Debug\net9.0\ControleFinanceiro.Contracts.dll
  ControleFinanceiro.SharedKernel -> D:\Projetos\controle-financeiro\backend\src\ControleFinanceiro.SharedKernel\bin\Debug\net9.0\ControleFinanceiro.SharedKernel.dll
  ControleFinanceiro.Domain -> D:\Projetos\controle-financeiro\backend\src\ControleFinanceiro.Domain\bin\Debug\net9.0\ControleFinanceiro.Domain.dll
  ControleFinanceiro.Application -> D:\Projetos\controle-financeiro\backend\src\ControleFinanceiro.Application\bin\Debug\net9.0\ControleFinanceiro.Application.dll
  ControleFinanceiro.Domain.Tests -> D:\Projetos\controle-financeiro\backend\tests\ControleFinanceiro.Domain.Tests\bin\Debug\net9.0\ControleFinanceiro.Domain.Tests.dll
Execu├º├úo de teste para D:\Projetos\controle-financeiro\backend\tests\ControleFinanceiro.Domain.Tests\bin\Debug\net9.0\ControleFinanceiro.Domain.Tests.dll (.NETCoreApp,Version=v9.0)
Vers├úo do VSTest 17.14.1 (x64)

Iniciando execu├º├úo de teste, espere...
  ControleFinanceiro.Application.Tests -> D:\Projetos\controle-financeiro\backend\tests\ControleFinanceiro.Application.Tests\bin\Debug\net9.0\ControleFinanceiro.Application.Tests.dll
1 arquivos de teste no total corresponderam ao padr├úo especificado.
Execu├º├úo de teste para D:\Projetos\controle-financeiro\backend\tests\ControleFinanceiro.Application.Tests\bin\Debug\net9.0\ControleFinanceiro.Application.Tests.dll (.NETCoreApp,Version=v9.0)
  ControleFinanceiro.Infrastructure -> D:\Projetos\controle-financeiro\backend\src\ControleFinanceiro.Infrastructure\bin\Debug\net9.0\ControleFinanceiro.Infrastructure.dll
Vers├úo do VSTest 17.14.1 (x64)

Iniciando execu├º├úo de teste, espere...
1 arquivos de teste no total corresponderam ao padr├úo especificado.
  ControleFinanceiro.Infrastructure.Tests -> D:\Projetos\controle-financeiro\backend\tests\ControleFinanceiro.Infrastructure.Tests\bin\Debug\net9.0\ControleFinanceiro.Infrastructure.Tests.dll
Execu├º├úo de teste para D:\Projetos\controle-financeiro\backend\tests\ControleFinanceiro.Infrastructure.Tests\bin\Debug\net9.0\ControleFinanceiro.Infrastructure.Tests.dll (.NETCoreApp,Version=v9.0)
  ControleFinanceiro.Api -> D:\Projetos\controle-financeiro\backend\src\ControleFinanceiro.Api\bin\Debug\net9.0\ControleFinanceiro.Api.dll
Vers├úo do VSTest 17.14.1 (x64)

Iniciando execu├º├úo de teste, espere...
Nenhum teste corresponde ao filtro de testcase `DashboardControllerTests` determinado no D:\Projetos\controle-financeiro\backend\tests\ControleFinanceiro.Domain.Tests\bin\Debug\net9.0\ControleFinanceiro.Domain.Tests.dll
1 arquivos de teste no total corresponderam ao padr├úo especificado.

Nenhum teste corresponde ao filtro de testcase `DashboardControllerTests` determinado no D:\Projetos\controle-financeiro\backend\tests\ControleFinanceiro.Application.Tests\bin\Debug\net9.0\ControleFinanceiro.Application.Tests.dll
  ControleFinanceiro.Api.Tests -> D:\Projetos\controle-financeiro\backend\tests\ControleFinanceiro.Api.Tests\bin\Debug\net9.0\ControleFinanceiro.Api.Tests.dll

Execu├º├úo de teste para D:\Projetos\controle-financeiro\backend\tests\ControleFinanceiro.Api.Tests\bin\Debug\net9.0\ControleFinanceiro.Api.Tests.dll (.NETCoreApp,Version=v9.0)
Vers├úo do VSTest 17.14.1 (x64)

Iniciando execu├º├úo de teste, espere...
1 arquivos de teste no total corresponderam ao padr├úo especificado.
Nenhum teste corresponde ao filtro de testcase `DashboardControllerTests` determinado no D:\Projetos\controle-financeiro\backend\tests\ControleFinanceiro.Infrastructure.Tests\bin\Debug\net9.0\ControleFinanceiro.Infrastructure.Tests.dll

  Com falha ControleFinanceiro.Api.Tests.Dashboard.DashboardControllerTests.GetFluxoCaixa_QuandoMesReferenciaInformado_DeveRetornarMesCompletoComPrevisoes [86 ms]
  Mensagem de erro:
   System.Net.Http.HttpRequestException : Response status code does not indicate success: 429 (Too Many Requests).
  Rastreamento de pilha:
     at System.Net.Http.HttpResponseMessage.EnsureSuccessStatusCode()
   at ControleFinanceiro.Api.Tests.Financeiro.FinancialFixtureSeed.CreateContaBancariaAsync(HttpClient client) in D:\Projetos\controle-financeiro\backend\tests\ControleFinanceiro.Api.Tests\Financeiro\FinancialFixtureSeed.cs:line 85
   at ControleFinanceiro.Api.Tests.Financeiro.FinancialFixtureSeed.CreateAsync(HttpClient client) in D:\Projetos\controle-financeiro\backend\tests\ControleFinanceiro.Api.Tests\Financeiro\FinancialFixtureSeed.cs:line 17
   at ControleFinanceiro.Api.Tests.Dashboard.DashboardControllerTests.GetFluxoCaixa_QuandoMesReferenciaInformado_DeveRetornarMesCompletoComPrevisoes() in D:\Projetos\controle-financeiro\backend\tests\ControleFinanceiro.Api.Tests\Dashboard\DashboardControllerTests.cs:line 233
--- End of stack trace from previous location ---
  Com falha ControleFinanceiro.Api.Tests.Dashboard.DashboardControllerTests.GetContasGerenciaisResumo_DeveConsolidarRateiosPorDataEmissao [73 ms]
  Mensagem de erro:
   System.Net.Http.HttpRequestException : Response status code does not indicate success: 429 (Too Many Requests).
  Rastreamento de pilha:
     at System.Net.Http.HttpResponseMessage.EnsureSuccessStatusCode()
   at ControleFinanceiro.Api.Tests.Financeiro.FinancialFixtureSeed.CreatePessoaAsync(HttpClient client, String nome, String tipoPessoa) in D:\Projetos\controle-financeiro\backend\tests\ControleFinanceiro.Api.Tests\Financeiro\FinancialFixtureSeed.cs:line 45
   at ControleFinanceiro.Api.Tests.Financeiro.FinancialFixtureSeed.CreateAsync(HttpClient client) in D:\Projetos\controle-financeiro\backend\tests\ControleFinanceiro.Api.Tests\Financeiro\FinancialFixtureSeed.cs:line 9
   at ControleFinanceiro.Api.Tests.Dashboard.DashboardControllerTests.GetContasGerenciaisResumo_DeveConsolidarRateiosPorDataEmissao() in D:\Projetos\controle-financeiro\backend\tests\ControleFinanceiro.Api.Tests\Dashboard\DashboardControllerTests.cs:line 315
--- End of stack trace from previous location ---

Com falha! ÔÇô Com falha:     2, Aprovado:     8, Ignorado:     0, Total:    10, Dura├º├úo: 2 s - ControleFinanceiro.Api.Tests.dll (net9.0)
